"Bold All","S  ","EB ","No"
"Normal All","S  ","EN ","No"
"/separator/","S  ","EN ","No"
"EN nable All","S  ","EN ","No"
"Disable All","S  ","EN ","No"
"Graye All","S  ","EN ","No"
"/separator/","S  ","EN ","No"
"Check opt All ?","S  ","EN ","No"
"----No","S  ","EN ","No"
"----Yes","S  ","EN ","No"
"--------On Start Checked","S  ","EN ","No"
"--------On Start Unchecked","S  ","EN ","No"
"/separator/","S  ","EN ","No"
"/separator/","S  ","EN ","No"
"Help !","S  ","EN ","Yes"
"Bold","S L","EB ","No"
"Normal","S  ","EN ","No"
"/separator/","S  ","EN ","No"
"Enabled","S  ","EN ","No"
"Disabled","S  ","EN ","No"
"Grayed","S  ","EN ","No"
"/separator/","S  ","EN ","No"
"Check opt ?","S  ","EN ","No"
"----No1","S  ","EN ","No"
"----Yes1","S  ","EN ","No"
"--------On Start Checked1 ","S  ","EN ","No"
"--------On Start Unchecked","S  ","EN ","No"
"/separator/","S  ","EN ","No"
"/separator/","S  ","EN ","No"
"Close menu","S  ","EN ","Yes"
"GS","","",""
"TPM_RIGHTALIGN = &H8&","","",""
"TPM_LEFTBUTTON = &H0","","",""
